
> Configure project :app
WARNING: The option setting 'android.usesSdkInManifest.disallowed=false' is deprecated.
The current default is 'true'.
It will be removed in version 10.0 of the Android Gradle plugin.
WARNING: The option setting 'android.sdk.defaultTargetSdkToCompileSdkIfUnset=false' is deprecated.
The current default is 'true'.
It will be removed in version 10.0 of the Android Gradle plugin.
WARNING: The option setting 'android.enableAppCompileTimeRClass=false' is deprecated.
The current default is 'true'.
It will be removed in version 10.0 of the Android Gradle plugin.
WARNING: The option setting 'android.builtInKotlin=false' is deprecated.
The current default is 'true'.
It will be removed in version 10.0 of the Android Gradle plugin.
WARNING: The option setting 'android.newDsl=false' is deprecated.
The current default is 'true'.
It will be removed in version 10.0 of the Android Gradle plugin.
WARNING: The option setting 'android.r8.optimizedResourceShrinking=false' is deprecated.
The current default is 'true'.
It will be removed in version 10.0 of the Android Gradle plugin.
WARNING: The option setting 'android.defaults.buildfeatures.resvalues=true' is deprecated.
The current default is 'false'.
It will be removed in version 10.0 of the Android Gradle plugin.
WARNING: The option setting 'android.enableJetifier=true' is deprecated.
The current default is 'false'.
It will be removed in version 10.0 of the Android Gradle plugin.
WARNING: The property android.dependency.excludeLibraryComponentsFromConstraints improves project import performance for very large projects. It should be enabled to improve performance.
To suppress this warning, add android.generateSyncIssueWhenLibraryConstraintsAreEnabled=false to gradle.properties
WARNING: The property android.dependency.excludeLibraryComponentsFromConstraints improves project import performance for very large projects. It should be enabled to improve performance.
To suppress this warning, add android.generateSyncIssueWhenLibraryConstraintsAreEnabled=false to gradle.properties
WARNING: The property android.dependency.excludeLibraryComponentsFromConstraints improves project import performance for very large projects. It should be enabled to improve performance.
To suppress this warning, add android.generateSyncIssueWhenLibraryConstraintsAreEnabled=false to gradle.properties
WARNING: The property android.dependency.excludeLibraryComponentsFromConstraints improves project import performance for very large projects. It should be enabled to improve performance.
To suppress this warning, add android.generateSyncIssueWhenLibraryConstraintsAreEnabled=false to gradle.properties

> Task :app:preBuild UP-TO-DATE
> Task :app:preDebugBuild UP-TO-DATE
> Task :app:mergeDebugNativeDebugMetadata NO-SOURCE
> Task :app:checkKotlinGradlePluginConfigurationErrors SKIPPED
> Task :app:dataBindingMergeDependencyArtifactsDebug UP-TO-DATE
> Task :app:generateDebugResValues UP-TO-DATE
> Task :app:generateDebugResources UP-TO-DATE
> Task :app:processDebugGoogleServices UP-TO-DATE
> Task :app:mergeDebugResources UP-TO-DATE
> Task :app:packageDebugResources UP-TO-DATE
> Task :app:processDebugNavigationResources UP-TO-DATE
> Task :app:parseDebugLocalResources UP-TO-DATE
> Task :app:dataBindingGenBaseClassesDebug UP-TO-DATE
> Task :app:checkDebugAarMetadata UP-TO-DATE
> Task :app:mapDebugSourceSetPaths UP-TO-DATE
> Task :app:compileDebugNavigationResources UP-TO-DATE
> Task :app:createDebugCompatibleScreenManifests UP-TO-DATE
> Task :app:extractDeepLinksDebug UP-TO-DATE
> Task :app:processDebugMainManifest UP-TO-DATE
> Task :app:processDebugManifest UP-TO-DATE
> Task :app:processDebugManifestForPackage UP-TO-DATE
> Task :app:processDebugResources UP-TO-DATE
> Task :app:javaPreCompileDebug UP-TO-DATE
> Task :app:generateDebugAssets UP-TO-DATE
> Task :app:mergeDebugAssets UP-TO-DATE
> Task :app:compressDebugAssets UP-TO-DATE
> Task :app:checkDebugDuplicateClasses UP-TO-DATE
> Task :app:desugarDebugFileDependencies UP-TO-DATE
> Task :app:mergeExtDexDebug UP-TO-DATE
> Task :app:mergeLibDexDebug UP-TO-DATE
> Task :app:mergeDebugJniLibFolders UP-TO-DATE
> Task :app:mergeDebugNativeLibs UP-TO-DATE
> Task :app:stripDebugDebugSymbols UP-TO-DATE
> Task :app:validateSigningDebug UP-TO-DATE
> Task :app:writeDebugAppMetadata UP-TO-DATE
> Task :app:writeDebugSigningConfigVersions UP-TO-DATE

> Task :app:compileDebugKotlin
w: generateFunctionKeyMetaClasses is deprecated. It was replaced by emitting annotations on functions instead. Use generateFunctionKeyMetaAnnotations instead.
w: file:///C:/Users/Khati/AndroidStudioProjects/MyApplication/app/src/main/java/com/example/myapplication/ErrorFragment.kt:27:13 'val fragmentManager: FragmentManager?' is deprecated. Deprecated in Java.
w: file:///C:/Users/Khati/AndroidStudioProjects/MyApplication/app/src/main/java/com/example/myapplication/MainFragment.kt:53:18 This declaration overrides a deprecated member but is not marked as deprecated itself. Add the '@Deprecated' annotation or suppress the diagnostic.
w: file:///C:/Users/Khati/AndroidStudioProjects/MyApplication/app/src/main/java/com/example/myapplication/MainFragment.kt:55:15 'fun onActivityCreated(p0: Bundle?): Unit' is deprecated. Deprecated in Java.
w: file:///C:/Users/Khati/AndroidStudioProjects/MyApplication/app/src/main/java/com/example/myapplication/MainFragment.kt:78:34 'val defaultDisplay: Display!' is deprecated. Deprecated in Java.
w: file:///C:/Users/Khati/AndroidStudioProjects/MyApplication/app/src/main/java/com/example/myapplication/MainFragment.kt:78:49 'fun getMetrics(p0: DisplayMetrics!): Unit' is deprecated. Deprecated in Java.
w: file:///C:/Users/Khati/AndroidStudioProjects/MyApplication/app/src/main/java/com/example/myapplication/PlaybackVideoFragment.kt:20:31 'fun getSerializableExtra(p0: String!): Serializable?' is deprecated. Deprecated in Java.
w: file:///C:/Users/Khati/AndroidStudioProjects/MyApplication/app/src/main/java/com/example/myapplication/SplashActivity.kt:26:13 'fun overridePendingTransition(p0: Int, p1: Int): Unit' is deprecated. Deprecated in Java.
w: file:///C:/Users/Khati/AndroidStudioProjects/MyApplication/app/src/main/java/com/example/myapplication/VideoDetailsFragment.kt:54:44 'fun getSerializableExtra(p0: String!): Serializable?' is deprecated. Deprecated in Java.
w: file:///C:/Users/Khati/AndroidStudioProjects/MyApplication/app/src/main/java/com/example/myapplication/ui/screens/LoginScreen.kt:113:21 'fun Divider(modifier: Modifier = ..., thickness: Dp = ..., color: Color = ...): Unit' is deprecated. Renamed to HorizontalDivider.
w: file:///C:/Users/Khati/AndroidStudioProjects/MyApplication/app/src/main/java/com/example/myapplication/ui/screens/LoginScreen.kt:120:21 'fun Divider(modifier: Modifier = ..., thickness: Dp = ..., color: Color = ...): Unit' is deprecated. Renamed to HorizontalDivider.

> Task :app:compileDebugJavaWithJavac FAILED
.\\gradlew : 
At line:1 char:1
+ .\\gradlew 
assembleDebug 2>&1 | 
Out-File -FilePath 
"build_output.txt" ...
+ ~~~~~~~~~~~~~~~~~~~~~~
~~~~~~~
    + CategoryInfo      
        : NotSpecified  
  : (:String) [], Rem   
 oteException
    + FullyQualifiedErr 
   orId : NativeComman  
  dError
 
FAILURE: Build failed 
with an exception.

* What went wrong:
Execution failed for 
task ':app:compileDebugJ
avaWithJavac'.
> Could not resolve all 
files for configuration 
':app:androidJdkImage'.
   > Failed to 
transform core-for-syste
m-modules.jar to match 
attributes {artifactType
=_internal_android_jdk_i
mage, org.gradle.library
elements=jar, org.gradle
.usage=java-runtime}.
      > Execution 
failed for 
JdkImageTransform: C:\Us
ers\Khati\AppData\Local\
Android\Sdk\platforms\an
droid-35\core-for-system
-modules.jar.
         > jlink 
executable C:\Users\Khat
i\.antigravity\extension
s\redhat.java-1.53.0-win
32-x64\jre\21.0.10-win32
-x86_64\bin\jlink.exe 
does not exist.

* Try:
> Run with --stacktrace 
option to get the stack 
trace.
> Run with --info or 
--debug option to get 
more log output.
> Run with --scan to 
get full insights from 
a Build Scan (powered 
by Develocity).
> Get more help at 
https://help.gradle.org.

BUILD FAILED in 15s
33 actionable tasks: 2 executed, 31 up-to-date
